RUN_ID=20260710-134159
BASE=https://uat-paas.transsion.com/whatsapp-bot-service/api
CHANNEL=ch_wa_01
LOGIN...
LOGIN OK
INTENT_CASES=71
[1/71] INT-FAQ-A001 biz=PASS auto=PASS task_type=KNOWLEDGE_EVIDENCE_REPLY notes=field_fallback task_type supports expected intent
[2/71] INT-FAQ-A002 biz=PASS auto=PASS task_type=KNOWLEDGE_EVIDENCE_REPLY notes=field_fallback task_type supports expected intent
[3/71] INT-FAQ-A003 biz=PASS auto=PASS task_type=KNOWLEDGE_EVIDENCE_REPLY notes=field_fallback task_type supports expected intent
[4/71] INT-FAQ-A004 biz=FAIL auto=PASS task_type=TRANSFER_FAILED_AI_FALLBACK notes=task_type=TRANSFER_FAILED_AI_FALLBACK not in route map for 提机相关
[5/71] INT-FAQ-A005 biz=PASS auto=PASS task_type=KNOWLEDGE_EVIDENCE_REPLY notes=field_fallback task_type supports expected intent
[6/71] INT-FAQ-A006 biz=PASS auto=PASS task_type=KNOWLEDGE_EVIDENCE_REPLY notes=field_fallback task_type supports expected intent
[7/71] INT-FAQ-A007 biz=FAIL auto=PASS task_type=TRANSFER_FAILED_AI_FALLBACK notes=expected LOCAL handoff; task_type=TRANSFER_FAILED_AI_FALLBACK
[8/71] INT-FAQ-A008 biz=PASS auto=PASS task_type=KNOWLEDGE_EVIDENCE_REPLY notes=field_fallback task_type supports expected intent
[9/71] INT-FAQ-A009 biz=PASS auto=PASS task_type=KNOWLEDGE_EVIDENCE_REPLY notes=field_fallback task_type supports expected intent
[10/71] INT-FAQ-A010 biz=PASS auto=PASS task_type=KNOWLEDGE_EVIDENCE_REPLY notes=field_fallback task_type supports expected intent
[11/71] INT-FAQ-A011 biz=FAIL auto=PASS task_type=TRANSFER_FAILED_AI_FALLBACK notes=task_type=TRANSFER_FAILED_AI_FALLBACK not in route map for 活动规则
[12/71] INT-FAQ-A012 biz=FAIL auto=PASS task_type=TRANSFER_FAILED_AI_FALLBACK notes=task_type=TRANSFER_FAILED_AI_FALLBACK not in route map for 活动权益
[13/71] INT-FAQ-A013 biz=FAIL auto=PASS task_type=TRANSFER_FAILED_AI_FALLBACK notes=task_type=TRANSFER_FAILED_AI_FALLBACK not in route map for 活动权益
[14/71] INT-FAQ-A014 biz=FAIL auto=PASS task_type=TRANSFER_FAILED_AI_FALLBACK notes=task_type=TRANSFER_FAILED_AI_FALLBACK not in route map for 提机相关
[15/71] INT-FAQ-A015 biz=FAIL auto=PASS task_type=TRANSFER_FAILED_AI_FALLBACK notes=expected LOCAL handoff; task_type=TRANSFER_FAILED_AI_FALLBACK
[16/71] INT-FAQ-A016 biz=FAIL auto=PASS task_type=KNOWLEDGE_EVIDENCE_REPLY notes=expected LOCAL handoff; task_type=KNOWLEDGE_EVIDENCE_REPLY
[17/71] INT-FAQ-A017 biz=PASS auto=PASS task_type=KNOWLEDGE_EVIDENCE_REPLY notes=field_fallback task_type supports expected intent
[18/71] INT-FAQ-A018 biz=FAIL auto=PASS task_type=TRANSFER_FAILED_AI_FALLBACK notes=expected LOCAL handoff; task_type=TRANSFER_FAILED_AI_FALLBACK
[19/71] INT-FAQ-A019 biz=FAIL auto=PASS task_type=HANDOFF_REJECTED_UNCONFIRMED_HANDOFF notes=expected LOCAL handoff; task_type=HANDOFF_REJECTED_UNCONFIRMED_HANDOFF
[20/71] INT-FAQ-A020 biz=FAIL auto=PASS task_type=TRANSFER_FAILED_AI_FALLBACK notes=expected LOCAL handoff; task_type=TRANSFER_FAILED_AI_FALLBACK
[21/71] INT-FAQ-A021 biz=PASS auto=PASS task_type=KNOWLEDGE_EVIDENCE_REPLY notes=field_fallback task_type supports expected intent
[22/71] INT-FAQ-A022 biz=FAIL auto=PASS task_type=TRANSFER_FAILED_AI_FALLBACK notes=task_type=TRANSFER_FAILED_AI_FALLBACK not in route map for 活动规则
[23/71] INT-FAQ-A023 biz=FAIL auto=PASS task_type=TRANSFER_FAILED_AI_FALLBACK notes=task_type=TRANSFER_FAILED_AI_FALLBACK not in route map for 提机相关
[24/71] INT-FAQ-A024 biz=FAIL auto=PASS task_type=TRANSFER_FAILED_AI_FALLBACK notes=task_type=TRANSFER_FAILED_AI_FALLBACK not in route map for 活动规则
[25/71] INT-FAQ-A025 biz=FAIL auto=PASS task_type=TRANSFER_FAILED_AI_FALLBACK notes=task_type=TRANSFER_FAILED_AI_FALLBACK not in route map for 活动规则
[26/71] INT-FAQ-A026 biz=FAIL auto=PASS task_type=TRANSFER_FAILED_AI_FALLBACK notes=task_type=TRANSFER_FAILED_AI_FALLBACK not in route map for 活动规则
[27/71] INT-FAQ-A027 biz=FAIL auto=PASS task_type=TRANSFER_FAILED_AI_FALLBACK notes=task_type=TRANSFER_FAILED_AI_FALLBACK not in route map for 活动规则
[28/71] INT-FAQ-A028 biz=FAIL auto=PASS task_type=TRANSFER_FAILED_AI_FALLBACK notes=task_type=TRANSFER_FAILED_AI_FALLBACK not in route map for 产品信息
[29/71] INT-FAQ-A029 biz=FAIL auto=PASS task_type=TRANSFER_FAILED_AI_FALLBACK notes=task_type=TRANSFER_FAILED_AI_FALLBACK not in route map for 活动权益
[30/71] INT-FAQ-A030 biz=PASS auto=PASS task_type=KNOWLEDGE_EVIDENCE_REPLY notes=intent reply facts OK
[31/71] INT-FAQ-A031 biz=FAIL auto=PASS task_type=TRANSFER_FAILED_AI_FALLBACK notes=task_type=TRANSFER_FAILED_AI_FALLBACK not in route map for 活动权益
[32/71] INT-FAQ-A032 biz=PASS auto=PASS task_type=KNOWLEDGE_EVIDENCE_REPLY notes=field_fallback task_type supports expected intent
[33/71] INT-FAQ-A033 biz=FAIL auto=PASS task_type=TRANSFER_FAILED_AI_FALLBACK notes=task_type=TRANSFER_FAILED_AI_FALLBACK not in route map for 活动权益
[34/71] INT-FAQ-A034 biz=FAIL auto=PASS task_type=TRANSFER_FAILED_AI_FALLBACK notes=task_type=TRANSFER_FAILED_AI_FALLBACK not in route map for 活动权益
[35/71] INT-FAQ-A035 biz=FAIL auto=PASS task_type=TRANSFER_FAILED_AI_FALLBACK notes=task_type=TRANSFER_FAILED_AI_FALLBACK not in route map for 活动权益
[36/71] INT-FAQ-A036 biz=FAIL auto=PASS task_type=TRANSFER_FAILED_AI_FALLBACK notes=task_type=TRANSFER_FAILED_AI_FALLBACK not in route map for 活动权益
[37/71] INT-FAQ-A037 biz=PASS auto=PASS task_type=TRANSFER_FAILED_AI_FALLBACK notes=intent reply facts OK
[38/71] INT-FAQ-A038 biz=PASS auto=PASS task_type=KNOWLEDGE_EVIDENCE_REPLY notes=field_fallback task_type supports expected intent
[39/71] INT-FAQ-A039 biz=FAIL auto=PASS task_type=TRANSFER_FAILED_AI_FALLBACK notes=task_type=TRANSFER_FAILED_AI_FALLBACK not in route map for 活动权益
[40/71] INT-FAQ-A040 biz=FAIL auto=PASS task_type=TRANSFER_FAILED_AI_FALLBACK notes=task_type=TRANSFER_FAILED_AI_FALLBACK not in route map for 活动权益
[41/71] INT-FAQ-A041 biz=FAIL auto=PASS task_type=TRANSFER_FAILED_AI_FALLBACK notes=task_type=TRANSFER_FAILED_AI_FALLBACK not in route map for 活动权益
[42/71] INT-FAQ-A042 biz=FAIL auto=PASS task_type=TRANSFER_FAILED_AI_FALLBACK notes=task_type=TRANSFER_FAILED_AI_FALLBACK not in route map for 活动权益
[43/71] INT-FAQ-A043 biz=FAIL auto=PASS task_type=TRANSFER_FAILED_AI_FALLBACK notes=task_type=TRANSFER_FAILED_AI_FALLBACK not in route map for 活动权益
[44/71] INT-FAQ-A044 biz=FAIL auto=PASS task_type=TRANSFER_FAILED_AI_FALLBACK notes=task_type=TRANSFER_FAILED_AI_FALLBACK not in route map for 活动权益
[45/71] INT-FAQ-A045 biz=FAIL auto=PASS task_type=TRANSFER_FAILED_AI_FALLBACK notes=task_type=TRANSFER_FAILED_AI_FALLBACK not in route map for 活动权益
[46/71] INT-FAQ-A046 biz=PASS auto=PASS task_type=KNOWLEDGE_EVIDENCE_REPLY notes=field_fallback task_type supports expected intent
[47/71] INT-FAQ-A047 biz=FAIL auto=PASS task_type=TRANSFER_FAILED_AI_FALLBACK notes=task_type=TRANSFER_FAILED_AI_FALLBACK not in route map for 活动权益
[48/71] INT-FAQ-A048 biz=FAIL auto=PASS task_type=TRANSFER_FAILED_AI_FALLBACK notes=task_type=TRANSFER_FAILED_AI_FALLBACK not in route map for 活动权益
[49/71] INT-FAQ-A049 biz=FAIL auto=PASS task_type=TRANSFER_FAILED_AI_FALLBACK notes=task_type=TRANSFER_FAILED_AI_FALLBACK not in route map for 活动权益
[50/71] INT-FAQ-A050 biz=FAIL auto=PASS task_type=TRANSFER_FAILED_AI_FALLBACK notes=task_type=TRANSFER_FAILED_AI_FALLBACK not in route map for 活动权益
[51/71] INT-FAQ-A051 biz=PASS auto=PASS task_type=KNOWLEDGE_EVIDENCE_REPLY notes=intent reply facts OK
[52/71] INT-FAQ-A052 biz=FAIL auto=PASS task_type=TRANSFER_FAILED_AI_FALLBACK notes=task_type=TRANSFER_FAILED_AI_FALLBACK not in route map for 活动权益
[53/71] INT-FAQ-A053 biz=PASS auto=PASS task_type=TRANSFER_FAILED_AI_FALLBACK notes=intent reply facts OK
[54/71] INT-FAQ-A054 biz=FAIL auto=PASS task_type=TRANSFER_FAILED_AI_FALLBACK notes=task_type=TRANSFER_FAILED_AI_FALLBACK not in route map for 活动权益
[55/71] INT-FAQ-A055 biz=FAIL auto=PASS task_type=TRANSFER_FAILED_AI_FALLBACK notes=task_type=TRANSFER_FAILED_AI_FALLBACK not in route map for 活动权益
[56/71] INT-FAQ-A056 biz=FAIL auto=PASS task_type=TRANSFER_FAILED_AI_FALLBACK notes=task_type=TRANSFER_FAILED_AI_FALLBACK not in route map for 活动权益
[57/71] INT-FAQ-A057 biz=FAIL auto=PASS task_type=TRANSFER_FAILED_AI_FALLBACK notes=task_type=TRANSFER_FAILED_AI_FALLBACK not in route map for 活动权益
[58/71] INT-FAQ-A058 biz=PASS auto=PASS task_type=KNOWLEDGE_EVIDENCE_REPLY notes=intent reply facts OK
[59/71] INT-FAQ-A059 biz=FAIL auto=PASS task_type=TRANSFER_FAILED_AI_FALLBACK notes=task_type=TRANSFER_FAILED_AI_FALLBACK not in route map for 产品信息
[60/71] INT-FAQ-A060 biz=PASS auto=PASS task_type=KNOWLEDGE_CLARIFICATION notes=field_fallback task_type supports expected intent
[61/71] INT-FAQ-A061 biz=PASS auto=PASS task_type=KNOWLEDGE_EVIDENCE_REPLY notes=field_fallback task_type supports expected intent
[62/71] INT-FAQ-A062 biz=FAIL auto=PASS task_type=TRANSFER_FAILED_AI_FALLBACK notes=task_type=TRANSFER_FAILED_AI_FALLBACK not in route map for 官方身份
[63/71] INT-FAQ-A063 biz=FAIL auto=PASS task_type=TRANSFER_FAILED_AI_FALLBACK notes=expected LOCAL handoff; task_type=TRANSFER_FAILED_AI_FALLBACK
[64/71] INT-FAQ-A064 biz=FAIL auto=PASS task_type=TRANSFER_FAILED_AI_FALLBACK notes=task_type=TRANSFER_FAILED_AI_FALLBACK not in route map for 官方身份
[65/71] INT-FAQ-A065 biz=FAIL auto=PASS task_type=TRANSFER_FAILED_AI_FALLBACK notes=task_type=TRANSFER_FAILED_AI_FALLBACK not in route map for 活动规则
[66/71] INT-FAQ-A066 biz=FAIL auto=PASS task_type=TRANSFER_FAILED_AI_FALLBACK notes=task_type=TRANSFER_FAILED_AI_FALLBACK not in route map for 提机相关
[67/71] INT-FAQ-A067 biz=FAIL auto=PASS task_type=TRANSFER_FAILED_AI_FALLBACK notes=task_type=TRANSFER_FAILED_AI_FALLBACK not in route map for 活动权益
[68/71] INT-FAQ-A068 biz=PASS auto=PASS task_type=KNOWLEDGE_EVIDENCE_REPLY notes=intent reply facts OK
[69/71] INT-FAQ-A069 biz=FAIL auto=PASS task_type=TRANSFER_FAILED_AI_FALLBACK notes=expected LOCAL handoff; task_type=TRANSFER_FAILED_AI_FALLBACK
[70/71] INT-FAQ-A070 biz=FAIL auto=PASS task_type=TRANSFER_FAILED_AI_FALLBACK notes=expected LOCAL handoff; task_type=TRANSFER_FAILED_AI_FALLBACK
[71/71] INT-FAQ-A071 biz=FAIL auto=PASS task_type=TRANSFER_FAILED_AI_FALLBACK notes=task_type=TRANSFER_FAILED_AI_FALLBACK not in route map for 门店相关
REPORT_MD=D:\CMP\agent-human-test\projects\hot70-wa-bot\reports\runs\20260710-134159\test-report.md
SUMMARY_TOTAL=
STOP_REASON=
